Archive member included because of file (symbol)

c:/program files (x86)/atmel/atmel toolchain/avr8 gcc/native/3.4.1061/avr8-gnu-toolchain/bin/../lib/gcc/avr/4.8.1/avr5\libgcc.a(_udivmodsi4.o)
                              Lib/FATFs/ff.o (__udivmodsi4)
c:/program files (x86)/atmel/atmel toolchain/avr8 gcc/native/3.4.1061/avr8-gnu-toolchain/bin/../lib/gcc/avr/4.8.1/avr5\libgcc.a(_exit.o)
                              c:/program files (x86)/atmel/atmel toolchain/avr8 gcc/native/3.4.1061/avr8-gnu-toolchain/bin/../lib/gcc/avr/4.8.1/../../../../avr/lib/avr5/crtm32u4.o (exit)
c:/program files (x86)/atmel/atmel toolchain/avr8 gcc/native/3.4.1061/avr8-gnu-toolchain/bin/../lib/gcc/avr/4.8.1/avr5\libgcc.a(_copy_data.o)
                              Lib/FATFs/diskio.o (__do_copy_data)
c:/program files (x86)/atmel/atmel toolchain/avr8 gcc/native/3.4.1061/avr8-gnu-toolchain/bin/../lib/gcc/avr/4.8.1/avr5\libgcc.a(_clear_bss.o)
                              Lib/FATFs/diskio.o (__do_clear_bss)
c:/program files (x86)/atmel/atmel toolchain/avr8 gcc/native/3.4.1061/avr8-gnu-toolchain/bin/../lib/gcc/avr/4.8.1/avr5\libgcc.a(_muluhisi3.o)
                              Lib/FATFs/ff.o (__muluhisi3)
c:/program files (x86)/atmel/atmel toolchain/avr8 gcc/native/3.4.1061/avr8-gnu-toolchain/bin/../lib/gcc/avr/4.8.1/avr5\libgcc.a(_umulhisi3.o)
                              c:/program files (x86)/atmel/atmel toolchain/avr8 gcc/native/3.4.1061/avr8-gnu-toolchain/bin/../lib/gcc/avr/4.8.1/avr5\libgcc.a(_muluhisi3.o) (__umulhisi3)
c:/program files (x86)/atmel/atmel toolchain/avr8 gcc/native/3.4.1061/avr8-gnu-toolchain/bin/../lib/gcc/avr/4.8.1/../../../../avr/lib/avr5\libc.a(memcpy_P.o)
                              src/LUFA/LUFA/Drivers/USB/Class/Device/RNDISClassDevice.o (memcpy_P)
c:/program files (x86)/atmel/atmel toolchain/avr8 gcc/native/3.4.1061/avr8-gnu-toolchain/bin/../lib/gcc/avr/4.8.1/../../../../avr/lib/avr5\libc.a(memcmp.o)
                              src/LUFA/LUFA/Drivers/USB/Class/Device/HIDClassDevice.o (memcmp)
c:/program files (x86)/atmel/atmel toolchain/avr8 gcc/native/3.4.1061/avr8-gnu-toolchain/bin/../lib/gcc/avr/4.8.1/../../../../avr/lib/avr5\libc.a(memcpy.o)
                              src/LUFA/LUFA/Drivers/USB/Class/Device/HIDClassDevice.o (memcpy)
c:/program files (x86)/atmel/atmel toolchain/avr8 gcc/native/3.4.1061/avr8-gnu-toolchain/bin/../lib/gcc/avr/4.8.1/../../../../avr/lib/avr5\libc.a(memset.o)
                              src/LUFA/LUFA/Drivers/USB/Class/Device/HIDClassDevice.o (memset)
c:/program files (x86)/atmel/atmel toolchain/avr8 gcc/native/3.4.1061/avr8-gnu-toolchain/bin/../lib/gcc/avr/4.8.1/../../../../avr/lib/avr5\libc.a(sprintf.o)
                              TempDataLogger.o (sprintf)
c:/program files (x86)/atmel/atmel toolchain/avr8 gcc/native/3.4.1061/avr8-gnu-toolchain/bin/../lib/gcc/avr/4.8.1/../../../../avr/lib/avr5\libc.a(vfprintf_std.o)
                              c:/program files (x86)/atmel/atmel toolchain/avr8 gcc/native/3.4.1061/avr8-gnu-toolchain/bin/../lib/gcc/avr/4.8.1/../../../../avr/lib/avr5\libc.a(sprintf.o) (vfprintf)
c:/program files (x86)/atmel/atmel toolchain/avr8 gcc/native/3.4.1061/avr8-gnu-toolchain/bin/../lib/gcc/avr/4.8.1/../../../../avr/lib/avr5\libc.a(eerd_byte_atmega32u4.o)
                              src/LUFA/LUFA/Drivers/USB/Core/AVR8/EndpointStream_AVR8.o (__eerd_byte_m32u4)
c:/program files (x86)/atmel/atmel toolchain/avr8 gcc/native/3.4.1061/avr8-gnu-toolchain/bin/../lib/gcc/avr/4.8.1/../../../../avr/lib/avr5\libc.a(eeupd_byte_atmega32u4.o)
                              TempDataLogger.o (__eeupd_byte_m32u4)
c:/program files (x86)/atmel/atmel toolchain/avr8 gcc/native/3.4.1061/avr8-gnu-toolchain/bin/../lib/gcc/avr/4.8.1/../../../../avr/lib/avr5\libc.a(strnlen_P.o)
                              c:/program files (x86)/atmel/atmel toolchain/avr8 gcc/native/3.4.1061/avr8-gnu-toolchain/bin/../lib/gcc/avr/4.8.1/../../../../avr/lib/avr5\libc.a(vfprintf_std.o) (strnlen_P)
c:/program files (x86)/atmel/atmel toolchain/avr8 gcc/native/3.4.1061/avr8-gnu-toolchain/bin/../lib/gcc/avr/4.8.1/../../../../avr/lib/avr5\libc.a(strnlen.o)
                              c:/program files (x86)/atmel/atmel toolchain/avr8 gcc/native/3.4.1061/avr8-gnu-toolchain/bin/../lib/gcc/avr/4.8.1/../../../../avr/lib/avr5\libc.a(vfprintf_std.o) (strnlen)
c:/program files (x86)/atmel/atmel toolchain/avr8 gcc/native/3.4.1061/avr8-gnu-toolchain/bin/../lib/gcc/avr/4.8.1/../../../../avr/lib/avr5\libc.a(fputc.o)
                              c:/program files (x86)/atmel/atmel toolchain/avr8 gcc/native/3.4.1061/avr8-gnu-toolchain/bin/../lib/gcc/avr/4.8.1/../../../../avr/lib/avr5\libc.a(vfprintf_std.o) (fputc)
c:/program files (x86)/atmel/atmel toolchain/avr8 gcc/native/3.4.1061/avr8-gnu-toolchain/bin/../lib/gcc/avr/4.8.1/../../../../avr/lib/avr5\libc.a(ultoa_invert.o)
[...]
Memory Configuration

Name             Origin             Length             Attributes
text             0x00000000         0x00020000         xr
data             0x00800060         0x0000ffa0         rw !x
eeprom           0x00810000         0x00010000         rw !x
fuse             0x00820000         0x00000400         rw !x
lock             0x00830000         0x00000400         rw !x
signature        0x00840000         0x00000400         rw !x
user_signatures  0x00850000         0x00000400         rw !x
*default*        0x00000000         0xffffffff

Linker script and memory map

Address of section .data set to 0x800100
LOAD c:/program files (x86)/atmel/atmel toolchain/avr8 gcc/native/3.4.1061/avr8-gnu-toolchain/bin/../lib/gcc/avr/4.8.1/../../../../avr/lib/avr5/crtm32u4.o
LOAD Config_IO.o
LOAD Descriptors.o
LOAD Lib/FATFs/diskio.o
LOAD Lib/FATFs/ff.o
LOAD Lib/SDCardManager.o
LOAD TempDataLogger.o
LOAD Lib/SCSI.o
LOAD src/LUFA/LUFA/Drivers/Board/Temperature.o
LOAD src/LUFA/LUFA/Drivers/Peripheral/AVR8/TWI_AVR8.o
LOAD src/LUFA/LUFA/Drivers/USB/Class/Common/HIDParser.o
LOAD src/LUFA/LUFA/Drivers/USB/Class/Device/AudioClassDevice.o
LOAD src/LUFA/LUFA/Drivers/USB/Class/Device/CDCClassDevice.o
LOAD src/LUFA/LUFA/Drivers/USB/Class/Device/HIDClassDevice.o
LOAD src/LUFA/LUFA/Drivers/USB/Class/Device/MassStorageClassDevice.o
LOAD src/LUFA/LUFA/Drivers/USB/Class/Device/MIDIClassDevice.o
LOAD src/LUFA/LUFA/Drivers/USB/Class/Device/PrinterClassDevice.o
LOAD src/LUFA/LUFA/Drivers/USB/Class/Device/RNDISClassDevice.o
LOAD src/LUFA/LUFA/Drivers/USB/Class/Host/AndroidAccessoryClassHost.o
LOAD src/LUFA/LUFA/Drivers/USB/Class/Host/AudioClassHost.o
LOAD src/LUFA/LUFA/Drivers/USB/Class/Host/CDCClassHost.o
LOAD src/LUFA/LUFA/Drivers/USB/Class/Host/HIDClassHost.o
LOAD src/LUFA/LUFA/Drivers/USB/Class/Host/MassStorageClassHost.o
LOAD src/LUFA/LUFA/Drivers/USB/Class/Host/MIDIClassHost.o
LOAD src/LUFA/LUFA/Drivers/USB/Class/Host/PrinterClassHost.o
LOAD src/LUFA/LUFA/Drivers/USB/Class/Host/RNDISClassHost.o
LOAD src/LUFA/LUFA/Drivers/USB/Class/Host/StillImageClassHost.o
LOAD src/LUFA/LUFA/Drivers/USB/Core/AVR8/Device_AVR8.o
LOAD src/LUFA/LUFA/Drivers/USB/Core/AVR8/EndpointStream_AVR8.o
LOAD src/LUFA/LUFA/Drivers/USB/Core/AVR8/Endpoint_AVR8.o
LOAD src/LUFA/LUFA/Drivers/USB/Core/AVR8/Host_AVR8.o
LOAD src/LUFA/LUFA/Drivers/USB/Core/AVR8/PipeStream_AVR8.o
LOAD src/LUFA/LUFA/Drivers/USB/Core/AVR8/Pipe_AVR8.o
LOAD src/LUFA/LUFA/Drivers/USB/Core/AVR8/Template/Template_Endpoint_Control_R.o
LOAD src/LUFA/LUFA/Drivers/USB/Core/AVR8/Template/Template_Endpoint_Control_W.o
LOAD src/LUFA/LUFA/Drivers/USB/Core/AVR8/Template/Template_Endpoint_RW.o
LOAD src/LUFA/LUFA/Drivers/USB/Core/AVR8/Template/Template_Pipe_RW.o
LOAD src/LUFA/LUFA/Drivers/USB/Core/AVR8/USBController_AVR8.o
LOAD src/LUFA/LUFA/Drivers/USB/Core/AVR8/USBInterrupt_AVR8.o
LOAD src/LUFA/LUFA/Drivers/USB/Core/ConfigDescriptors.o
LOAD src/LUFA/LUFA/Drivers/USB/Core/DeviceStandardReq.o
LOAD src/LUFA/LUFA/Drivers/USB/Core/Events.o
LOAD src/LUFA/LUFA/Drivers/USB/Core/HostStandardReq.o
LOAD src/LUFA/LUFA/Drivers/USB/Core/USBTask.o
START GROUP
LOAD c:/program files (x86)/atmel/atmel toolchain/avr8 gcc/native/3.4.1061/avr8-gnu-toolchain/bin/../lib/gcc/avr/4.8.1/../../../../avr/lib/avr5\libm.a
END GROUP
START GROUP
LOAD c:/program files (x86)/atmel/atmel toolchain/avr8 gcc/native/3.4.1061/avr8-gnu-toolchain/bin/../lib/gcc/avr/4.8.1/avr5\libgcc.a
LOAD c:/program files (x86)/atmel/atmel toolchain/avr8 gcc/native/3.4.1061/avr8-gnu-toolchain/bin/../lib/gcc/avr/4.8.1/../../../../avr/lib/avr5\libm.a
LOAD c:/program files (x86)/atmel/atmel toolchain/avr8 gcc/native/3.4.1061/avr8-gnu-toolchain/bin/../lib/gcc/avr/4.8.1/../../../../avr/lib/avr5\libc.a
END GROUP

.hash
 *(.hash)

.dynsym
 *(.dynsym)

.dynstr
 *(.dynstr)

.gnu.version
 *(.gnu.version)

.gnu.version_d
 *(.gnu.version_d)

.gnu.version_r
 *(.gnu.version_r)

.rel.init
 *(.rel.init)

.rela.init
 *(.rela.init)

.rel.text
 *(.rel.text)
 *(.rel.text.*)
 *(.rel.gnu.linkonce.t*)

.rela.text
 *(.rela.text)
 *(.rela.text.*)
 *(.rela.gnu.linkonce.t*)

.rel.fini
 *(.rel.fini)

.rela.fini
 *(.rela.fini)

.rel.rodata
 *(.rel.rodata)
 *(.rel.rodata.*)
 *(.rel.gnu.linkonce.r*)

.rela.rodata
 *(.rela.rodata)
 *(.rela.rodata.*)
 *(.rela.gnu.linkonce.r*)

.rel.data
 *(.rel.data)
 *(.rel.data.*)
 *(.rel.gnu.linkonce.d*)

.rela.data
 *(.rela.data)
 *(.rela.data.*)
 *(.rela.gnu.linkonce.d*)

.rel.ctors
 *(.rel.ctors)

.rela.ctors
 *(.rela.ctors)

.rel.dtors
 *(.rel.dtors)

.rela.dtors
 *(.rela.dtors)

.rel.got
 *(.rel.got)

.rela.got
 *(.rela.got)

.rel.bss
 *(.rel.bss)

.rela.bss
 *(.rela.bss)

.rel.plt
 *(.rel.plt)

.rela.plt
 *(.rela.plt)

.text           0x00000000     0x36ce
 *(.vectors)
 .vectors       0x00000000       0xac c:/program files (x86)/atmel/atmel toolchain/avr8 gcc/native/3.4.1061/avr8-gnu-toolchain/bin/../lib/gcc/avr/4.8.1/../../../../avr/lib/avr5/crtm32u4.o
                0x00000000                __vector_default
                0x00000000                __vectors
 *(.vectors)
 *(.progmem.gcc*)
                0x000000ac                . = ALIGN (0x2)
                0x000000ac                __trampolines_start = .
 *(.trampolines)
 .trampolines   0x000000ac        0x0 linker stubs
 *(.trampolines*)
                0x000000ac                __trampolines_end = .
 *(.progmem*)
 .progmem.data.ProductString
                0x000000ac       0x30 Descriptors.o
                0x000000ac                ProductString
 .progmem.data.ManufacturerString
                0x000000dc       0x1a Descriptors.o
                0x000000dc                ManufacturerString
 .progmem.data.LanguageString
                0x000000f6        0x4 Descriptors.o
                0x000000f6                LanguageString
 .progmem.data.ConfigurationDescriptor
                0x000000fa       0x39 Descriptors.o
                0x000000fa                ConfigurationDescriptor
 .progmem.data.DeviceDescriptor
                0x00000133       0x12 Descriptors.o
                0x00000133                DeviceDescriptor
 .progmem.data.GenericReport
                0x00000145       0x20 Descriptors.o
                0x00000145                GenericReport
                0x00000166                . = ALIGN (0x2)
 *fill*         0x00000165        0x1 
 *(.jumptables)
 *(.jumptables*)
 *(.lowtext)
 *(.lowtext*)
                0x00000166                __ctors_start = .
 *(.ctors)
                0x00000166                __ctors_end = .
                0x00000166                __dtors_start = .
 *(.dtors)
                0x00000166                __dtors_end = .
 SORT(*)(.ctors)
 SORT(*)(.dtors)
 *(.init0)
 .init0         0x00000166        0x0 c:/program files (x86)/atmel/atmel toolchain/avr8 gcc/native/3.4.1061/avr8-gnu-toolchain/bin/../lib/gcc/avr/4.8.1/../../../../avr/lib/avr5/crtm32u4.o
                0x00000166                __init
 *(.init0)
 *(.init1)
 *(.init1)
 *(.init2)
 .init2         0x00000166        0xc c:/program files (x86)/atmel/atmel toolchain/avr8 gcc/native/3.4.1061/avr8-gnu-toolchain/bin/../lib/gcc/avr/4.8.1/../../../../avr/lib/avr5/crtm32u4.o
 *(.init2)
 *(.init3)
 *(.init3)
 *(.init4)
 .init4         0x00000172       0x16 c:/program files (x86)/atmel/atmel toolchain/avr8 gcc/native/3.4.1061/avr8-gnu-toolchain/bin/../lib/gcc/avr/4.8.1/avr5\libgcc.a(_copy_data.o)
                0x00000172                __do_copy_data
 .init4         0x00000188       0x10 c:/program files (x86)/atmel/atmel toolchain/avr8 gcc/native/3.4.1061/avr8-gnu-toolchain/bin/../lib/gcc/avr/4.8.1/avr5\libgcc.a(_clear_bss.o)
                0x00000188                __do_clear_bss
 *(.init4)
 *(.init5)
 *(.init5)
 *(.init6)
 *(.init6)
 *(.init7)
 *(.init7)
 *(.init8)
 *(.init8)
 *(.init9)
 .init9         0x00000198        0x8 c:/program files (x86)/atmel/atmel toolchain/avr8 gcc/native/3.4.1061/avr8-gnu-toolchain/bin/../lib/gcc/avr/4.8.1/../../../../avr/lib/avr5/crtm32u4.o
 *(.init9)
 *(.text)
 .text          0x000001a0        0x2 c:/program files (x86)/atmel/atmel toolchain/avr8 gcc/native/3.4.1061/avr8-gnu-toolchain/bin/../lib/gcc/avr/4.8.1/../../../../avr/lib/avr5/crtm32u4.o
                0x000001a0                __vector_38
                0x000001a0                __vector_22
                0x000001a0                __vector_28
                0x000001a0                __vector_1
                0x000001a0                __vector_32
                0x000001a0                __vector_34
                0x000001a0                __vector_24
                0x000001a0                __vector_12
                0x000001a0                __bad_interrupt
                0x000001a0                __vector_6
                0x000001a0                __vector_31
                0x000001a0                __vector_35
                0x000001a0                __vector_39
                0x000001a0                __vector_3
                0x000001a0                __vector_23
                0x000001a0                __vector_30
                0x000001a0                __vector_25
                0x000001a0                __vector_13
                0x000001a0                __vector_19
                0x000001a0                __vector_7
                0x000001a0                __vector_41
                0x000001a0                __vector_27
                0x000001a0                __vector_5
                0x000001a0                __vector_33
                0x000001a0                __vector_37
                0x000001a0                __vector_4
                0x000001a0                __vector_9
                0x000001a0                __vector_2
                0x000001a0                __vector_21
                0x000001a0                __vector_15
                0x000001a0                __vector_36
                0x000001a0                __vector_29
                0x000001a0                __vector_40
                0x000001a0                __vector_8
                0x000001a0                __vector_26
                0x000001a0                __vector_14
                0x000001a0                __vector_16
                0x000001a0                __vector_18
                0x000001a0                __vector_20
                0x000001a0                __vector_42
                0x000001a2                . = ALIGN (0x2)
 *(.text.*)
 .text.Config_IO
                0x000001a2       0x60 Config_IO.o
                0x000001a2                Config_IO
 .text.CALLBACK_USB_GetDescriptor
                0x00000202       0xa0 Descriptors.o
                0x00000202                CALLBACK_USB_GetDescriptor
 .text.dly_us   0x000002a2       0x10 Lib/FATFs/diskio.o
 .text.xmit_mmc
                0x000002b2       0x80 Lib/FATFs/diskio.o
 .text.rcvr_mmc
                0x00000332       0x64 Lib/FATFs/diskio.o
 .text.wait_ready
                0x00000396       0x4a Lib/FATFs/diskio.o
 .text.deselect
                0x000003e0       0x1e Lib/FATFs/diskio.o
 .text.select   0x000003fe       0x38 Lib/FATFs/diskio.o
 .text.rcvr_datablock
                0x00000436       0x74 Lib/FATFs/diskio.o
 .text.xmit_datablock
                0x000004aa       0x70 Lib/FATFs/diskio.o
 .text.send_cmd
                0x0000051a       0xe2 Lib/FATFs/diskio.o
 .text.disk_status
                0x000005fc        0xe Lib/FATFs/diskio.o
                0x000005fc                disk_status
 .text.disk_initialize
                0x0000060a      0x17e Lib/FATFs/diskio.o
                0x0000060a                disk_initialize
 .text.disk_read
                0x00000788       0x9c Lib/FATFs/diskio.o
                0x00000788                disk_read
 .text.disk_write
                0x00000824       0xc8 Lib/FATFs/diskio.o
                0x00000824                disk_write
 .text.disk_ioctl
                0x000008ec      0x176 Lib/FATFs/diskio.o
                0x000008ec                disk_ioctl
 .text.mem_cpy  0x00000a62       0x1c Lib/FATFs/ff.o
 .text.mem_set  0x00000a7e       0x16 Lib/FATFs/ff.o
 .text.get_ldnumber
                0x00000a94       0x68 Lib/FATFs/ff.o
 .text.sync_window
                0x00000afc       0xd2 Lib/FATFs/ff.o
 .text.move_window
                0x00000bce       0x78 Lib/FATFs/ff.o
 .text.check_fs
                0x00000c46       0xd6 Lib/FATFs/ff.o
 .text.validate
                0x00000d1c       0x48 Lib/FATFs/ff.o
 .text.find_volume
                0x00000d64      0x6e6 Lib/FATFs/ff.o
 .text.sync_fs  0x0000144a       0xe4 Lib/FATFs/ff.o
 .text.clust2sect
                0x0000152e       0x5c Lib/FATFs/ff.o
                0x0000152e                clust2sect
 .text.get_fat  0x0000158a      0x202 Lib/FATFs/ff.o
                0x0000158a                get_fat
 .text.put_fat  0x0000178c      0x21c Lib/FATFs/ff.o
                0x0000178c                put_fat
 .text.create_chain
                0x000019a8      0x21a Lib/FATFs/ff.o
 .text.f_mount  0x00001bc2       0xa4 Lib/FATFs/ff.o
                0x00001bc2                f_mount
 .text.f_write  0x00001c66      0x3da Lib/FATFs/ff.o
                0x00001c66                f_write
 .text.f_sync   0x00002040       0xbc Lib/FATFs/ff.o
                0x00002040                f_sync
 .text.SDCardManager_Init
                0x000020fc       0x1c Lib/SDCardManager.o
                0x000020fc                SDCardManager_Init
 .text.SDCardManager_CheckDataflashOperation
                0x00002118        0x4 Lib/SDCardManager.o
                0x00002118                SDCardManager_CheckDataflashOperation
 .text.__vector_17
                0x0000211c       0xa6 TempDataLogger.o
                0x0000211c                __vector_17
 .text.OpenLogFile
                0x000021c2       0x8e TempDataLogger.o
                0x000021c2                OpenLogFile
 .text.SetupHardware
                0x00002250       0x3a TempDataLogger.o
                0x00002250                SetupHardware
 .text.main     0x0000228a        0x4 TempDataLogger.o
                0x0000228a                main
 .text.EVENT_USB_Device_Connect
                0x0000228e        0x2 TempDataLogger.o
                0x0000228e                EVENT_USB_Device_Connect
 .text.EVENT_USB_Device_Disconnect
                0x00002290        0x2 TempDataLogger.o
                0x00002290                EVENT_USB_Device_Disconnect
 .text.EVENT_USB_Device_ConfigurationChanged
                0x00002292        0xe TempDataLogger.o
                0x00002292                EVENT_USB_Device_ConfigurationChanged
 .text.EVENT_USB_Device_ControlRequest
                0x000022a0        0xe TempDataLogger.o
                0x000022a0                EVENT_USB_Device_ControlRequest
 .text.CALLBACK_HID_Device_CreateHIDReport
                0x000022ae       0x1e TempDataLogger.o
                0x000022ae                CALLBACK_HID_Device_CreateHIDReport
 .text.CALLBACK_HID_Device_ProcessHIDReport
                0x000022cc       0x1a TempDataLogger.o
                0x000022cc                CALLBACK_HID_Device_ProcessHIDReport
 .text.HID_Device_ProcessControlRequest
                0x000022e6      0x290 src/LUFA/LUFA/Drivers/USB/Class/Device/HIDClassDevice.o
                0x000022e6                HID_Device_ProcessControlRequest
 .text.HID_Device_ConfigureEndpoints
                0x00002576       0x28 src/LUFA/LUFA/Drivers/USB/Class/Device/HIDClassDevice.o
                0x00002576                HID_Device_ConfigureEndpoints
 .text.MS_Device_ProcessControlRequest
                0x0000259e       0x78 src/LUFA/LUFA/Drivers/USB/Class/Device/MassStorageClassDevice.o
                0x0000259e                MS_Device_ProcessControlRequest
 .text.MS_Device_ConfigureEndpoints
                0x00002616       0x34 src/LUFA/LUFA/Drivers/USB/Class/Device/MassStorageClassDevice.o
                0x00002616                MS_Device_ConfigureEndpoints
 .text.Endpoint_Write_Control_Stream_LE
                0x0000264a      0x106 src/LUFA/LUFA/Drivers/USB/Core/AVR8/EndpointStream_AVR8.o
                0x0000264a                Endpoint_Write_Control_Stream_LE
 .text.Endpoint_Read_Control_Stream_LE
                0x00002750       0xf6 src/LUFA/LUFA/Drivers/USB/Core/AVR8/EndpointStream_AVR8.o
                0x00002750                Endpoint_Read_Control_Stream_LE
 .text.Endpoint_Write_Control_PStream_LE
                0x00002846      0x106 src/LUFA/LUFA/Drivers/USB/Core/AVR8/EndpointStream_AVR8.o
                0x00002846                Endpoint_Write_Control_PStream_LE
 .text.Endpoint_ConfigureEndpoint_Prv
                0x0000294c       0xc8 src/LUFA/LUFA/Drivers/USB/Core/AVR8/Endpoint_AVR8.o
                0x0000294c                Endpoint_ConfigureEndpoint_Prv
 .text.Endpoint_ConfigureEndpointTable
                0x00002a14       0xba src/LUFA/LUFA/Drivers/USB/Core/AVR8/Endpoint_AVR8.o
                0x00002a14                Endpoint_ConfigureEndpointTable
 .text.Endpoint_ClearStatusStage
                0x00002ace       0x44 src/LUFA/LUFA/Drivers/USB/Core/AVR8/Endpoint_AVR8.o
                0x00002ace                Endpoint_ClearStatusStage
 .text.USB_ResetInterface
                0x00002b12       0x7e src/LUFA/LUFA/Drivers/USB/Core/AVR8/USBController_AVR8.o
                0x00002b12                USB_ResetInterface
 .text.USB_Init
                0x00002b90       0x22 src/LUFA/LUFA/Drivers/USB/Core/AVR8/USBController_AVR8.o
                0x00002b90                USB_Init
 .text.USB_INT_DisableAllInterrupts
                0x00002bb2       0x10 src/LUFA/LUFA/Drivers/USB/Core/AVR8/USBInterrupt_AVR8.o
                0x00002bb2                USB_INT_DisableAllInterrupts
 .text.USB_INT_ClearAllInterrupts
                0x00002bc2        0xa src/LUFA/LUFA/Drivers/USB/Core/AVR8/USBInterrupt_AVR8.o
                0x00002bc2                USB_INT_ClearAllInterrupts
 .text.__vector_10
                0x00002bcc      0x17a src/LUFA/LUFA/Drivers/USB/Core/AVR8/USBInterrupt_AVR8.o
                0x00002bcc                __vector_10
 .text.__vector_11
                0x00002d46       0x76 src/LUFA/LUFA/Drivers/USB/Core/AVR8/USBInterrupt_AVR8.o
                0x00002d46                __vector_11
 .text.USB_Device_ProcessControlRequest
                0x00002dbc      0x2d4 src/LUFA/LUFA/Drivers/USB/Core/DeviceStandardReq.o
                0x00002dbc                USB_Device_ProcessControlRequest
 .text.USB_Event_Stub
                0x00003090        0x2 src/LUFA/LUFA/Drivers/USB/Core/Events.o
                0x00003090                USB_Event_Stub
                0x00003090                EVENT_USB_Device_Suspend
                0x00003090                EVENT_USB_Device_StartOfFrame
                0x00003090                EVENT_USB_Device_Reset
                0x00003090                EVENT_USB_Device_WakeUp
 .text.libgcc.div
                0x00003092       0x44 c:/program files (x86)/atmel/atmel toolchain/avr8 gcc/native/3.4.1061/avr8-gnu-toolchain/bin/../lib/gcc/avr/4.8.1/avr5\libgcc.a(_udivmodsi4.o)
                0x00003092                __udivmodsi4
 .text.libgcc.mul
                0x000030d6       0x14 c:/program files (x86)/atmel/atmel toolchain/avr8 gcc/native/3.4.1061/avr8-gnu-toolchain/bin/../lib/gcc/avr/4.8.1/avr5\libgcc.a(_muluhisi3.o)
                0x000030d6                __muluhisi3
 .text.libgcc.mul
                0x000030ea       0x1e c:/program files (x86)/atmel/atmel toolchain/avr8 gcc/native/3.4.1061/avr8-gnu-toolchain/bin/../lib/gcc/avr/4.8.1/avr5\libgcc.a(_umulhisi3.o)
                0x000030ea                __umulhisi3
 .text.avr-libc
                0x00003108       0x12 c:/program files (x86)/atmel/atmel toolchain/avr8 gcc/native/3.4.1061/avr8-gnu-toolchain/bin/../lib/gcc/avr/4.8.1/../../../../avr/lib/avr5\libc.a(memcpy.o)
                0x00003108                memcpy
 .text.avr-libc
                0x0000311a        0xe c:/program files (x86)/atmel/atmel toolchain/avr8 gcc/native/3.4.1061/avr8-gnu-toolchain/bin/../lib/gcc/avr/4.8.1/../../../../avr/lib/avr5\libc.a(memset.o)
                0x0000311a                memset
 .text.avr-libc
                0x00003128       0x3e c:/program files (x86)/atmel/atmel toolchain/avr8 gcc/native/3.4.1061/avr8-gnu-toolchain/bin/../lib/gcc/avr/4.8.1/../../../../avr/lib/avr5\libc.a(sprintf.o)
                0x00003128                sprintf
 .text.avr-libc
                0x00003166      0x386 c:/program files (x86)/atmel/atmel toolchain/avr8 gcc/native/3.4.1061/avr8-gnu-toolchain/bin/../lib/gcc/avr/4.8.1/../../../../avr/lib/avr5\libc.a(vfprintf_std.o)
                0x00003166                vfprintf
 .text.avr-libc
                0x000034ec       0x24 c:/program files (x86)/atmel/atmel toolchain/avr8 gcc/native/3.4.1061/avr8-gnu-toolchain/bin/../lib/gcc/avr/4.8.1/../../../../avr/lib/avr5\libc.a(eeupd_byte_atmega32u4.o)
                0x000034ec                __eeupd_byte_m32u4
                0x000034ee                __eeupd_r18_m32u4
 .text.avr-libc
                0x00003510       0x16 c:/program files (x86)/atmel/atmel toolchain/avr8 gcc/native/3.4.1061/avr8-gnu-toolchain/bin/../lib/gcc/avr/4.8.1/../../../../avr/lib/avr5\libc.a(strnlen_P.o)
                0x00003510                strnlen_P
 .text.avr-libc
                0x00003526       0x16 c:/program files (x86)/atmel/atmel toolchain/avr8 gcc/native/3.4.1061/avr8-gnu-toolchain/bin/../lib/gcc/avr/4.8.1/../../../../avr/lib/avr5\libc.a(strnlen.o)
                0x00003526                strnlen
 .text.avr-libc
                0x0000353c       0x64 c:/program files (x86)/atmel/atmel toolchain/avr8 gcc/native/3.4.1061/avr8-gnu-toolchain/bin/../lib/gcc/avr/4.8.1/../../../../avr/lib/avr5\libc.a(fputc.o)
                0x0000353c                fputc
 .text.avr-libc
                0x000035a0       0xbc c:/program files (x86)/atmel/atmel toolchain/avr8 gcc/native/3.4.1061/avr8-gnu-toolchain/bin/../lib/gcc/avr/4.8.1/../../../../avr/lib/avr5\libc.a(ultoa_invert.o)
                0x000035a0                __ultoa_invert
 .text.libgcc.prologue
                0x0000365c       0x38 c:/program files (x86)/atmel/atmel toolchain/avr8 gcc/native/3.4.1061/avr8-gnu-toolchain/bin/../lib/gcc/avr/4.8.1/avr5\libgcc.a(_prologue.o)
                0x0000365c                __prologue_saves__
 .text.libgcc.prologue
                0x00003694       0x36 c:/program files (x86)/atmel/atmel toolchain/avr8 gcc/native/3.4.1061/avr8-gnu-toolchain/bin/../lib/gcc/avr/4.8.1/avr5\libgcc.a(_epilogue.o)
                0x00003694                __epilogue_restores__
                0x000036ca                . = ALIGN (0x2)
 *(.fini9)
 .fini9         0x000036ca        0x0 c:/program files (x86)/atmel/atmel toolchain/avr8 gcc/native/3.4.1061/avr8-gnu-toolchain/bin/../lib/gcc/avr/4.8.1/avr5\libgcc.a(_exit.o)
                0x000036ca                _exit
                0x000036ca                exit
 *(.fini9)
 *(.fini8)
 *(.fini8)
 *(.fini7)
 *(.fini7)
 *(.fini6)
 *(.fini6)
 *(.fini5)
 *(.fini5)
 *(.fini4)
 *(.fini4)
 *(.fini3)
 *(.fini3)
 *(.fini2)
 *(.fini2)
 *(.fini1)
 *(.fini1)
 *(.fini0)
 .fini0         0x000036ca        0x4 c:/program files (x86)/atmel/atmel toolchain/avr8 gcc/native/3.4.1061/avr8-gnu-toolchain/bin/../lib/gcc/avr/4.8.1/avr5\libgcc.a(_exit.o)
 *(.fini0)
                0x000036ce                _etext = .

.data           0x00800100       0x6a load address 0x000036ce
                0x00800100                PROVIDE (__data_start, .)
 *(.data)
 *(.data*)
 .data.Stat     0x00800100        0x1 Lib/FATFs/diskio.o
 .data.Generic_HID_Interface
                0x00800101       0x10 TempDataLogger.o
                0x00800101                Generic_HID_Interface
 .data.Disk_MS_Interface
                0x00800111       0x39 TempDataLogger.o
                0x00800111                Disk_MS_Interface
 *(.rodata)
 *(.rodata*)
 .rodata.str1.1
                0x0080014a       0x20 TempDataLogger.o
                                 0x21 (size before relaxing)
 *(.gnu.linkonce.d*)
                0x0080016a                . = ALIGN (0x2)
                0x0080016a                _edata = .
                0x0080016a                PROVIDE (__data_end, .)

.bss            0x0080016a      0x464
                0x0080016a                PROVIDE (__bss_start, .)
 *(.bss)
 *(.bss*)
 .bss.CardType  0x0080016a        0x1 Lib/FATFs/diskio.o
 .bss.Fsid      0x0080016b        0x2 Lib/FATFs/ff.o
 .bss.FatFs     0x0080016d        0x2 Lib/FATFs/ff.o
 .bss.FileNumber.4316
                0x0080016f        0x2 TempDataLogger.o
 .bss.TempLogFile
                0x00800171      0x220 TempDataLogger.o
 .bss.DiskFATState
                0x00800391      0x22e TempDataLogger.o
 .bss.LoggingInterval500MS_SRAM
                0x008005bf        0x1 TempDataLogger.o
 .bss.PrevHIDReportBuffer
                0x008005c0        0x2 TempDataLogger.o
 *(COMMON)
 COMMON         0x008005c2        0x3 src/LUFA/LUFA/Drivers/USB/Core/DeviceStandardReq.o
                0x008005c2                USB_Device_ConfigurationNumber
                0x008005c3                USB_Device_CurrentlySelfPowered
                0x008005c4                USB_Device_RemoteWakeupEnabled
 COMMON         0x008005c5        0x9 src/LUFA/LUFA/Drivers/USB/Core/USBTask.o
                0x008005c5                USB_IsInitialized
                0x008005c6                USB_ControlRequest
                0x008005ce                PROVIDE (__bss_end, .)
                0x000036ce                __data_load_start = LOADADDR (.data)
                0x00003738                __data_load_end = (__data_load_start + SIZEOF (.data))

.noinit         0x008005ce        0x0
                0x008005ce                PROVIDE (__noinit_start, .)
 *(.noinit*)
                0x008005ce                PROVIDE (__noinit_end, .)
                0x008005ce                _end = .
                0x008005ce                PROVIDE (__heap_start, .)

.eeprom         0x00810000        0x1
 *(.eeprom*)
 .eeprom        0x00810000        0x1 TempDataLogger.o
                0x00810001                __eeprom_end = .

.fuse
 *(.fuse)
 *(.lfuse)
 *(.hfuse)
 *(.efuse)

.lock
 *(.lock*)

.signature
 *(.signature*)

.user_signatures
 *(.user_signatures*)

.stab
 *(.stab)

.stabstr
 *(.stabstr)

.stab.excl
 *(.stab.excl)

.stab.exclstr
 *(.stab.exclstr)

.stab.index
 *(.stab.index)

.stab.indexstr
 *(.stab.indexstr)

.comment        0x00000000       0x5c
 *(.comment)
 .comment       0x00000000       0x30 Config_IO.o
                                 0x31 (size before relaxing)
 .comment       0x00000000       0x31 Descriptors.o
 .comment       0x00000000       0x31 Lib/FATFs/diskio.o
 .comment       0x00000000       0x31 Lib/FATFs/ff.o
 .comment       0x00000000       0x31 Lib/SDCardManager.o
 .comment       0x00000000       0x31 TempDataLogger.o
 .comment       0x00000000       0x31 src/LUFA/LUFA/Drivers/USB/Class/Device/HIDClassDevice.o
 .comment       0x00000000       0x31 src/LUFA/LUFA/Drivers/USB/Class/Device/MassStorageClassDevice.o
 .comment       0x00000000       0x31 src/LUFA/LUFA/Drivers/USB/Core/AVR8/EndpointStream_AVR8.o
 .comment       0x00000000       0x31 src/LUFA/LUFA/Drivers/USB/Core/AVR8/Endpoint_AVR8.o
 .comment       0x00000000       0x31 src/LUFA/LUFA/Drivers/USB/Core/AVR8/USBController_AVR8.o
 .comment       0x00000000       0x31 src/LUFA/LUFA/Drivers/USB/Core/AVR8/USBInterrupt_AVR8.o
 .comment       0x00000000       0x31 src/LUFA/LUFA/Drivers/USB/Core/DeviceStandardReq.o
 .comment       0x00000000       0x31 src/LUFA/LUFA/Drivers/USB/Core/Events.o
 .comment       0x00000000       0x31 src/LUFA/LUFA/Drivers/USB/Core/USBTask.o
 .comment       0x00000000       0x31 c:/program files (x86)/atmel/atmel toolchain/avr8 gcc/native/3.4.1061/avr8-gnu-toolchain/bin/../lib/gcc/avr/4.8.1/../../../../avr/lib/avr5\libc.a(sprintf.o)
 .comment       0x00000030       0x2c c:/program files (x86)/atmel/atmel toolchain/avr8 gcc/native/3.4.1061/avr8-gnu-toolchain/bin/../lib/gcc/avr/4.8.1/../../../../avr/lib/avr5\libc.a(vfprintf_std.o)
                                 0x2d (size before relaxing)
 .comment       0x00000000       0x31 c:/program files (x86)/atmel/atmel toolchain/avr8 gcc/native/3.4.1061/avr8-gnu-toolchain/bin/../lib/gcc/avr/4.8.1/../../../../avr/lib/avr5\libc.a(fputc.o)

.note.gnu.build-id
 *(.note.gnu.build-id)

.debug
 *(.debug)

.line
 *(.line)

.debug_srcinfo
 *(.debug_srcinfo)

.debug_sfnames
 *(.debug_sfnames)

.debug_aranges  0x00000000      0x528
 *(.debug_aranges)
 .debug_aranges
                0x00000000       0x20 Config_IO.o
 .debug_aranges
                0x00000020       0x20 Descriptors.o
 .debug_aranges
                0x00000040       0x88 Lib/FATFs/diskio.o
 .debug_aranges
                0x000000c8      0x160 Lib/FATFs/ff.o
 .debug_aranges
                0x00000228       0x50 Lib/SDCardManager.o
 .debug_aranges
                0x00000278       0x80 TempDataLogger.o
 .debug_aranges
                0x000002f8       0x30 src/LUFA/LUFA/Drivers/USB/Class/Device/HIDClassDevice.o
 .debug_aranges
                0x00000328       0x30 src/LUFA/LUFA/Drivers/USB/Class/Device/MassStorageClassDevice.o
 .debug_aranges
                0x00000358       0xc8 src/LUFA/LUFA/Drivers/USB/Core/AVR8/EndpointStream_AVR8.o
 .debug_aranges
                0x00000420       0x40 src/LUFA/LUFA/Drivers/USB/Core/AVR8/Endpoint_AVR8.o
 .debug_aranges
                0x00000460       0x30 src/LUFA/LUFA/Drivers/USB/Core/AVR8/USBController_AVR8.o
 .debug_aranges
                0x00000490       0x38 src/LUFA/LUFA/Drivers/USB/Core/AVR8/USBInterrupt_AVR8.o
 .debug_aranges
                0x000004c8       0x20 src/LUFA/LUFA/Drivers/USB/Core/DeviceStandardReq.o
 .debug_aranges
                0x000004e8       0x20 src/LUFA/LUFA/Drivers/USB/Core/Events.o
 .debug_aranges
                0x00000508       0x20 src/LUFA/LUFA/Drivers/USB/Core/USBTask.o

.debug_pubnames
 *(.debug_pubnames)

.debug_info     0x00000000     0xac4b
 *(.debug_info .gnu.linkonce.wi.*)
 .debug_info    0x00000000       0x86 Config_IO.o
 .debug_info    0x00000086      0x73e Descriptors.o
 .debug_info    0x000007c4      0xbe7 Lib/FATFs/diskio.o
 .debug_info    0x000013ab     0x3485 Lib/FATFs/ff.o
 .debug_info    0x00004830      0xa83 Lib/SDCardManager.o
 .debug_info    0x000052b3      0xec5 TempDataLogger.o
 .debug_info    0x00006178      0xa2d src/LUFA/LUFA/Drivers/USB/Class/Device/HIDClassDevice.o
 .debug_info    0x00006ba5      0x958 src/LUFA/LUFA/Drivers/USB/Class/Device/MassStorageClassDevice.o
 .debug_info    0x000074fd     0x178e src/LUFA/LUFA/Drivers/USB/Core/AVR8/EndpointStream_AVR8.o
 .debug_info    0x00008c8b      0x600 src/LUFA/LUFA/Drivers/USB/Core/AVR8/Endpoint_AVR8.o
 .debug_info    0x0000928b      0x4bc src/LUFA/LUFA/Drivers/USB/Core/AVR8/USBController_AVR8.o
 .debug_info    0x00009747      0x7b6 src/LUFA/LUFA/Drivers/USB/Core/AVR8/USBInterrupt_AVR8.o
 .debug_info    0x00009efd      0xa7a src/LUFA/LUFA/Drivers/USB/Core/DeviceStandardReq.o
 .debug_info    0x0000a977       0x7c src/LUFA/LUFA/Drivers/USB/Core/Events.o
 .debug_info    0x0000a9f3      0x258 src/LUFA/LUFA/Drivers/USB/Core/USBTask.o

.debug_abbrev   0x00000000     0x1ed4
 *(.debug_abbrev)
 .debug_abbrev  0x00000000       0x52 Config_IO.o
 .debug_abbrev  0x00000052      0x151 Descriptors.o
 .debug_abbrev  0x000001a3      0x1ff Lib/FATFs/diskio.o
 .debug_abbrev  0x000003a2      0x2d0 Lib/FATFs/ff.o
 .debug_abbrev  0x00000672      0x302 Lib/SDCardManager.o
 .debug_abbrev  0x00000974      0x420 TempDataLogger.o
 .debug_abbrev  0x00000d94      0x259 src/LUFA/LUFA/Drivers/USB/Class/Device/HIDClassDevice.o
 .debug_abbrev  0x00000fed      0x297 src/LUFA/LUFA/Drivers/USB/Class/Device/MassStorageClassDevice.o
 .debug_abbrev  0x00001284      0x200 src/LUFA/LUFA/Drivers/USB/Core/AVR8/EndpointStream_AVR8.o
 .debug_abbrev  0x00001484      0x21c src/LUFA/LUFA/Drivers/USB/Core/AVR8/Endpoint_AVR8.o
 .debug_abbrev  0x000016a0      0x18b src/LUFA/LUFA/Drivers/USB/Core/AVR8/USBController_AVR8.o
 .debug_abbrev  0x0000182b      0x230 src/LUFA/LUFA/Drivers/USB/Core/AVR8/USBInterrupt_AVR8.o
 .debug_abbrev  0x00001a5b      0x2c7 src/LUFA/LUFA/Drivers/USB/Core/DeviceStandardReq.o
 .debug_abbrev  0x00001d22       0x47 src/LUFA/LUFA/Drivers/USB/Core/Events.o
 .debug_abbrev  0x00001d69      0x16b src/LUFA/LUFA/Drivers/USB/Core/USBTask.o

.debug_line     0x00000000     0xd9a0
 *(.debug_line .debug_line.* .debug_line_end)
 .debug_line    0x00000000      0x32c Config_IO.o
 .debug_line    0x0000032c      0xeae Descriptors.o
 .debug_line    0x000011da      0x98e Lib/FATFs/diskio.o
 .debug_line    0x00001b68     0x224a Lib/FATFs/ff.o
 .debug_line    0x00003db2     0x11d8 Lib/SDCardManager.o
 .debug_line    0x00004f8a      0xfff TempDataLogger.o
 .debug_line    0x00005f89     0x10f0 src/LUFA/LUFA/Drivers/USB/Class/Device/HIDClassDevice.o
 .debug_line    0x00007079     0x10be src/LUFA/LUFA/Drivers/USB/Class/Device/MassStorageClassDevice.o
 .debug_line    0x00008137     0x20a2 src/LUFA/LUFA/Drivers/USB/Core/AVR8/EndpointStream_AVR8.o
 .debug_line    0x0000a1d9      0xcb0 src/LUFA/LUFA/Drivers/USB/Core/AVR8/Endpoint_AVR8.o
 .debug_line    0x0000ae89      0x8ca src/LUFA/LUFA/Drivers/USB/Core/AVR8/USBController_AVR8.o
 .debug_line    0x0000b753      0xb6c src/LUFA/LUFA/Drivers/USB/Core/AVR8/USBInterrupt_AVR8.o
 .debug_line    0x0000c2bf      0xa7d src/LUFA/LUFA/Drivers/USB/Core/DeviceStandardReq.o
 .debug_line    0x0000cd3c      0x472 src/LUFA/LUFA/Drivers/USB/Core/Events.o
 .debug_line    0x0000d1ae      0x7f2 src/LUFA/LUFA/Drivers/USB/Core/USBTask.o

.debug_frame    0x00000000     0x1940
 *(.debug_frame)
 .debug_frame   0x00000000       0x24 Config_IO.o
 .debug_frame   0x00000024       0x24 Descriptors.o
 .debug_frame   0x00000048      0x250 Lib/FATFs/diskio.o
 .debug_frame   0x00000298      0xa04 Lib/FATFs/ff.o
 .debug_frame   0x00000c9c      0x100 Lib/SDCardManager.o
 .debug_frame   0x00000d9c      0x158 TempDataLogger.o
 .debug_frame   0x00000ef4       0xf4 src/LUFA/LUFA/Drivers/USB/Class/Device/HIDClassDevice.o
 .debug_frame   0x00000fe8       0x80 src/LUFA/LUFA/Drivers/USB/Class/Device/MassStorageClassDevice.o
 .debug_frame   0x00001068      0x61c src/LUFA/LUFA/Drivers/USB/Core/AVR8/EndpointStream_AVR8.o
 .debug_frame   0x00001684       0xec src/LUFA/LUFA/Drivers/USB/Core/AVR8/Endpoint_AVR8.o
 .debug_frame   0x00001770       0x58 src/LUFA/LUFA/Drivers/USB/Core/AVR8/USBController_AVR8.o
 .debug_frame   0x000017c8       0xe8 src/LUFA/LUFA/Drivers/USB/Core/AVR8/USBInterrupt_AVR8.o
 .debug_frame   0x000018b0       0x40 src/LUFA/LUFA/Drivers/USB/Core/DeviceStandardReq.o
 .debug_frame   0x000018f0       0x24 src/LUFA/LUFA/Drivers/USB/Core/Events.o
 .debug_frame   0x00001914       0x2c src/LUFA/LUFA/Drivers/USB/Core/USBTask.o

.debug_str      0x00000000    0x19fe4
 *(.debug_str)
 .debug_str     0x00000000     0x83da Config_IO.o
                               0x84af (size before relaxing)
 .debug_str     0x000083da     0xea2a Descriptors.o
                              0x1696b (size before relaxing)
 .debug_str     0x00016e04      0x4e7 Lib/FATFs/diskio.o
                               0x89c4 (size before relaxing)
 .debug_str     0x000172eb      0xb0d Lib/FATFs/ff.o
                               0x3ea8 (size before relaxing)
 .debug_str     0x00017df8      0x367 Lib/SDCardManager.o
                              0x16dcb (size before relaxing)
 .debug_str     0x0001815f      0x502 TempDataLogger.o
                              0x1718e (size before relaxing)
 .debug_str     0x00018661      0x2c0 src/LUFA/LUFA/Drivers/USB/Class/Device/HIDClassDevice.o
                              0x1538e (size before relaxing)
 .debug_str     0x00018921      0x2d6 src/LUFA/LUFA/Drivers/USB/Class/Device/MassStorageClassDevice.o
                              0x15490 (size before relaxing)
 .debug_str     0x00018bf7      0x8ae src/LUFA/LUFA/Drivers/USB/Core/AVR8/EndpointStream_AVR8.o
                               0xfa45 (size before relaxing)
 .debug_str     0x000194a5      0x25d src/LUFA/LUFA/Drivers/USB/Core/AVR8/Endpoint_AVR8.o
                               0xf0f3 (size before relaxing)
 .debug_str     0x00019702      0x2a4 src/LUFA/LUFA/Drivers/USB/Core/AVR8/USBController_AVR8.o
                               0xf053 (size before relaxing)
 .debug_str     0x000199a6      0x1ac src/LUFA/LUFA/Drivers/USB/Core/AVR8/USBInterrupt_AVR8.o
                               0xf0b1 (size before relaxing)
 .debug_str     0x00019b52      0x3d1 src/LUFA/LUFA/Drivers/USB/Core/DeviceStandardReq.o
                               0xf4c4 (size before relaxing)
 .debug_str     0x00019f23       0x53 src/LUFA/LUFA/Drivers/USB/Core/Events.o
                               0xe273 (size before relaxing)
 .debug_str     0x00019f76       0x6e src/LUFA/LUFA/Drivers/USB/Core/USBTask.o
                               0xee72 (size before relaxing)

.debug_loc      0x00000000     0xb36b
 *(.debug_loc)
 .debug_loc     0x00000000      0x2d3 Descriptors.o
 .debug_loc     0x000002d3      0xe68 Lib/FATFs/diskio.o
 .debug_loc     0x0000113b     0x5bf1 Lib/FATFs/ff.o
 .debug_loc     0x00006d2c      0x5e7 Lib/SDCardManager.o
 .debug_loc     0x00007313      0x2cc TempDataLogger.o
 .debug_loc     0x000075df      0x484 src/LUFA/LUFA/Drivers/USB/Class/Device/HIDClassDevice.o
 .debug_loc     0x00007a63      0x2a6 src/LUFA/LUFA/Drivers/USB/Class/Device/MassStorageClassDevice.o
 .debug_loc     0x00007d09     0x2984 src/LUFA/LUFA/Drivers/USB/Core/AVR8/EndpointStream_AVR8.o
 .debug_loc     0x0000a68d      0x62c src/LUFA/LUFA/Drivers/USB/Core/AVR8/Endpoint_AVR8.o
 .debug_loc     0x0000acb9       0x49 src/LUFA/LUFA/Drivers/USB/Core/AVR8/USBController_AVR8.o
 .debug_loc     0x0000ad02      0x333 src/LUFA/LUFA/Drivers/USB/Core/AVR8/USBInterrupt_AVR8.o
 .debug_loc     0x0000b035      0x2ed src/LUFA/LUFA/Drivers/USB/Core/DeviceStandardReq.o
 .debug_loc     0x0000b322       0x49 src/LUFA/LUFA/Drivers/USB/Core/USBTask.o

.debug_macinfo
 *(.debug_macinfo)

.debug_weaknames
 *(.debug_weaknames)

.debug_funcnames
 *(.debug_funcnames)

.debug_typenames
 *(.debug_typenames)

.debug_varnames
 *(.debug_varnames)

.debug_pubtypes
 *(.debug_pubtypes)

.debug_ranges   0x00000000     0x1048
 *(.debug_ranges)
 .debug_ranges  0x00000000       0x10 Config_IO.o
 .debug_ranges  0x00000010       0x10 Descriptors.o
 .debug_ranges  0x00000020       0x78 Lib/FATFs/diskio.o
 .debug_ranges  0x00000098      0x1d0 Lib/FATFs/ff.o
 .debug_ranges  0x00000268       0x40 Lib/SDCardManager.o
 .debug_ranges  0x000002a8       0x70 TempDataLogger.o
 .debug_ranges  0x00000318       0x20 src/LUFA/LUFA/Drivers/USB/Class/Device/HIDClassDevice.o
 .debug_ranges  0x00000338       0x50 src/LUFA/LUFA/Drivers/USB/Class/Device/MassStorageClassDevice.o
 .debug_ranges  0x00000388      0xa38 src/LUFA/LUFA/Drivers/USB/Core/AVR8/EndpointStream_AVR8.o
 .debug_ranges  0x00000dc0      0x1c8 src/LUFA/LUFA/Drivers/USB/Core/AVR8/Endpoint_AVR8.o
 .debug_ranges  0x00000f88       0x20 src/LUFA/LUFA/Drivers/USB/Core/AVR8/USBController_AVR8.o
 .debug_ranges  0x00000fa8       0x28 src/LUFA/LUFA/Drivers/USB/Core/AVR8/USBInterrupt_AVR8.o
 .debug_ranges  0x00000fd0       0x58 src/LUFA/LUFA/Drivers/USB/Core/DeviceStandardReq.o
 .debug_ranges  0x00001028       0x10 src/LUFA/LUFA/Drivers/USB/Core/Events.o
 .debug_ranges  0x00001038       0x10 src/LUFA/LUFA/Drivers/USB/Core/USBTask.o

.debug_macro    0x00000000     0x8bea
 *(.debug_macro)
 .debug_macro   0x00000000       0x90 Config_IO.o
 .debug_macro   0x00000090      0xa4e Config_IO.o
 .debug_macro   0x00000ade       0x10 Config_IO.o
 .debug_macro   0x00000aee      0x1ad Config_IO.o
 .debug_macro   0x00000c9b      0x293 Config_IO.o
 .debug_macro   0x00000f2e       0x9e Config_IO.o
 .debug_macro   0x00000fcc     0x20f4 Config_IO.o
 .debug_macro   0x000030c0      0x14f Config_IO.o
 .debug_macro   0x0000320f       0xd9 Config_IO.o
 .debug_macro   0x000032e8       0x34 Config_IO.o
 .debug_macro   0x0000331c       0x18 Config_IO.o
 .debug_macro   0x00003334       0x6c Config_IO.o
 .debug_macro   0x000033a0      0x1d8 Config_IO.o
 .debug_macro   0x00003578      0x4de Descriptors.o
 .debug_macro   0x00003a56       0x10 Descriptors.o
 .debug_macro   0x00003a66       0x89 Descriptors.o
 .debug_macro   0x00003aef       0xaa Descriptors.o
 .debug_macro   0x00003b99      0x181 Descriptors.o
 .debug_macro   0x00003d1a       0x12 Descriptors.o
 .debug_macro   0x00003d2c       0x10 Descriptors.o
 .debug_macro   0x00003d3c       0x22 Descriptors.o
 .debug_macro   0x00003d5e       0x16 Descriptors.o
 .debug_macro   0x00003d74       0x20 Descriptors.o
 .debug_macro   0x00003d94       0xef Descriptors.o
 .debug_macro   0x00003e83       0x22 Descriptors.o
 .debug_macro   0x00003ea5      0x199 Descriptors.o
 .debug_macro   0x0000403e       0x2f Descriptors.o
 .debug_macro   0x0000406d       0x1c Descriptors.o
 .debug_macro   0x00004089       0x68 Descriptors.o
 .debug_macro   0x000040f1       0x34 Descriptors.o
 .debug_macro   0x00004125       0x69 Descriptors.o
 .debug_macro   0x0000418e       0x87 Descriptors.o
 .debug_macro   0x00004215       0x35 Descriptors.o
 .debug_macro   0x0000424a      0x10c Descriptors.o
 .debug_macro   0x00004356      0x160 Descriptors.o
 .debug_macro   0x000044b6      0x167 Descriptors.o
 .debug_macro   0x0000461d       0x10 Descriptors.o
 .debug_macro   0x0000462d       0x1c Descriptors.o
 .debug_macro   0x00004649       0x86 Descriptors.o
 .debug_macro   0x000046cf       0x3c Descriptors.o
 .debug_macro   0x0000470b       0x19 Descriptors.o
 .debug_macro   0x00004724       0x4d Descriptors.o
 .debug_macro   0x00004771       0x73 Descriptors.o
 .debug_macro   0x000047e4       0x16 Descriptors.o
 .debug_macro   0x000047fa       0x12 Descriptors.o
 .debug_macro   0x0000480c       0x22 Descriptors.o
 .debug_macro   0x0000482e       0x64 Descriptors.o
 .debug_macro   0x00004892       0x41 Descriptors.o
 .debug_macro   0x000048d3       0x12 Descriptors.o
 .debug_macro   0x000048e5       0x10 Descriptors.o
 .debug_macro   0x000048f5       0x1c Descriptors.o
 .debug_macro   0x00004911       0x16 Descriptors.o
 .debug_macro   0x00004927       0x16 Descriptors.o
 .debug_macro   0x0000493d      0x12c Descriptors.o
 .debug_macro   0x00004a69       0x16 Descriptors.o
 .debug_macro   0x00004a7f       0x46 Descriptors.o
 .debug_macro   0x00004ac5       0x58 Descriptors.o
 .debug_macro   0x00004b1d       0x10 Descriptors.o
 .debug_macro   0x00004b2d       0x35 Descriptors.o
 .debug_macro   0x00004b62       0xeb Descriptors.o
 .debug_macro   0x00004c4d       0x16 Descriptors.o
 .debug_macro   0x00004c63      0x154 Descriptors.o
 .debug_macro   0x00004db7       0x2a Descriptors.o
 .debug_macro   0x00004de1      0x6ce Descriptors.o
 .debug_macro   0x000054af       0x16 Descriptors.o
 .debug_macro   0x000054c5      0x132 Descriptors.o
 .debug_macro   0x000055f7       0x16 Descriptors.o
 .debug_macro   0x0000560d       0x10 Descriptors.o
 .debug_macro   0x0000561d       0x6c Descriptors.o
 .debug_macro   0x00005689       0x16 Descriptors.o
 .debug_macro   0x0000569f       0x1c Descriptors.o
 .debug_macro   0x000056bb       0x16 Descriptors.o
 .debug_macro   0x000056d1       0x10 Descriptors.o
 .debug_macro   0x000056e1      0x1be Descriptors.o
 .debug_macro   0x0000589f       0x16 Descriptors.o
 .debug_macro   0x000058b5       0x76 Descriptors.o
 .debug_macro   0x0000592b       0xab Descriptors.o
 .debug_macro   0x000059d6       0x10 Descriptors.o
 .debug_macro   0x000059e6       0x22 Descriptors.o
 .debug_macro   0x00005a08       0xd6 Descriptors.o
 .debug_macro   0x00005ade       0xe0 Descriptors.o
 .debug_macro   0x00005bbe       0x10 Descriptors.o
 .debug_macro   0x00005bce       0x2e Descriptors.o
 .debug_macro   0x00005bfc       0x2e Descriptors.o
 .debug_macro   0x00005c2a       0x28 Descriptors.o
 .debug_macro   0x00005c52      0x169 Lib/FATFs/diskio.o
 .debug_macro   0x00005dbb       0x9a Lib/FATFs/diskio.o
 .debug_macro   0x00005e55      0x2b2 Lib/FATFs/ff.o
 .debug_macro   0x00006107       0xe7 Lib/FATFs/ff.o
 .debug_macro   0x000061ee       0xa0 Lib/FATFs/ff.o
 .debug_macro   0x0000628e      0x4fb Lib/SDCardManager.o
 .debug_macro   0x00006789       0x97 Lib/SDCardManager.o
 .debug_macro   0x00006820       0x12 Lib/SDCardManager.o
 .debug_macro   0x00006832      0x4f6 TempDataLogger.o
 .debug_macro   0x00006d28      0x444 src/LUFA/LUFA/Drivers/USB/Class/Device/HIDClassDevice.o
 .debug_macro   0x0000716c      0x44a src/LUFA/LUFA/Drivers/USB/Class/Device/MassStorageClassDevice.o
 .debug_macro   0x000075b6      0x12c src/LUFA/LUFA/Drivers/USB/Class/Device/MassStorageClassDevice.o
 .debug_macro   0x000076e2      0x60c src/LUFA/LUFA/Drivers/USB/Core/AVR8/EndpointStream_AVR8.o
 .debug_macro   0x00007cee       0x28 src/LUFA/LUFA/Drivers/USB/Core/AVR8/EndpointStream_AVR8.o
 .debug_macro   0x00007d16       0x1c src/LUFA/LUFA/Drivers/USB/Core/AVR8/EndpointStream_AVR8.o
 .debug_macro   0x00007d32       0x1c src/LUFA/LUFA/Drivers/USB/Core/AVR8/EndpointStream_AVR8.o
 .debug_macro   0x00007d4e      0x2a3 src/LUFA/LUFA/Drivers/USB/Core/AVR8/Endpoint_AVR8.o
 .debug_macro   0x00007ff1       0x10 src/LUFA/LUFA/Drivers/USB/Core/AVR8/Endpoint_AVR8.o
 .debug_macro   0x00008001      0x275 src/LUFA/LUFA/Drivers/USB/Core/AVR8/USBController_AVR8.o
 .debug_macro   0x00008276       0x79 src/LUFA/LUFA/Drivers/USB/Core/AVR8/USBController_AVR8.o
 .debug_macro   0x000082ef      0x27d src/LUFA/LUFA/Drivers/USB/Core/AVR8/USBInterrupt_AVR8.o
 .debug_macro   0x0000856c      0x27b src/LUFA/LUFA/Drivers/USB/Core/DeviceStandardReq.o
 .debug_macro   0x000087e7      0x182 src/LUFA/LUFA/Drivers/USB/Core/Events.o
 .debug_macro   0x00008969      0x281 src/LUFA/LUFA/Drivers/USB/Core/USBTask.o
OUTPUT(LUFA_PROJECTS_TEMP_DATALOGGER2.elf elf32-avr)
LOAD linker stubs
